[INFO] Scanning for projects...
[INFO] 
[INFO] ----------------< com.marketplace:student-marketplace >-----------------
[INFO] Building student-marketplace 1.0.0
[INFO]   from pom.xml
[INFO] --------------------------------[ jar ]---------------------------------
[INFO] 
[INFO] --- resources:3.3.1:resources (default-resources) @ student-marketplace ---
[INFO] Copying 1 resource from src\main\resources to target\classes
[INFO] Copying 1 resource from src\main\resources to target\classes
[INFO] 
[INFO] --- compiler:3.11.0:compile (default-compile) @ student-marketplace ---
[INFO] Nothing to compile - all classes are up to date
[INFO] ------------------------------------------------------------------------
[INFO] BUILD SUCCESS
[INFO] ------------------------------------------------------------------------
[INFO] Total time:  1.374 s
[INFO] Finished at: 2026-03-27T14:07:10+05:30
[INFO] ------------------------------------------------------------------------
